Build Output - Mutex Contention Fixes:
2025-07-09 14:56:06
RAM: 46.1%, Flash: 15.6%
Mutex contention fixes implemented:
- Data access reduced to max 10 FPS (from 20 FPS)
- Added cached data mechanism for smooth rendering
- Improved fallback handling when mutex is busy
- Added CPU usage monitoring to debug output
